..\.venv\Scripts\python : 
D:\Solid4x\backend\planner\planner.py:1: FutureWarning: 
At line:1 char:1
+ ..\.venv\Scripts\python -c "
+ ~~~~~~~~~~~~~~~~~~~~~~~~~~~~
    + CategoryInfo          : NotSpecified: 
(D:\Solid4x\back...    FutureWarning: :String) [], 
RemoteException
    + FullyQualifiedErrorId : NativeCommandError
 

All support for the `google.generativeai` package has 
ended. It will no longer be receiving 
updates or bug fixes. Please switch to the `google.genai` 
package as soon as possible.
See README for more details:

https://github.com/google-gemini/deprecated-generative-ai-py
thon/blob/main/README.md

  import google.generativeai as genai
Traceback (most recent call last):
  File "D:\Solid4x\.venv\Lib\site-packages\google\api_core\g
rpc_helpers.py", line 55, in error_remapped_callable
    return callable_(*args, **kwargs)
           ^^^^^^^^^^^^^^^^^^^^^^^^^^
  File 
"D:\Solid4x\.venv\Lib\site-packages\grpc\_interceptor.py", 
line 276, in __call__
    response, ignored_call = self._with_call(
                             ^^^^^^^^^^^^^^^^
  File 
"D:\Solid4x\.venv\Lib\site-packages\grpc\_interceptor.py", 
line 331, in _with_call
    return call.result(), call
           ^^^^^^^^^^^^^
  File 
"D:\Solid4x\.venv\Lib\site-packages\grpc\_channel.py", line 
438, in result
    raise self
  File 
"D:\Solid4x\.venv\Lib\site-packages\grpc\_interceptor.py", 
line 314, in continuation
    response, call = self._thunk(new_method).with_call(
                     ^^^^^^^^^^^^^^^^^^^^^^^^^^^^^^^^^^
  File 
"D:\Solid4x\.venv\Lib\site-packages\grpc\_channel.py", line 
1173, in with_call
    return _end_unary_response_blocking(state, call, True, 
None)
           
^^^^^^^^^^^^^^^^^^^^^^^^^^^^^^^^^^^^^^^^^^^^^^^^^^^^^
  File 
"D:\Solid4x\.venv\Lib\site-packages\grpc\_channel.py", line 
990, in _end_unary_response_blocking
    raise _InactiveRpcError(state)  # pytype: 
disable=not-instantiable
    ^^^^^^^^^^^^^^^^^^^^^^^^^^^^^^
grpc._channel._InactiveRpcError: <_InactiveRpcError of RPC 
that terminated with:
	status = StatusCode.RESOURCE_EXHAUSTED
	details = "You exceeded your current quota, please check 
your plan and billing details. For more information on this 
error, head to: 
https://ai.google.dev/gemini-api/docs/rate-limits. To 
monitor your current usage, head to: 
https://ai.dev/rate-limit. 
* Quota exceeded for metric: generativelanguage.googleapis.c
om/generate_content_free_tier_input_token_count, limit: 0, 
model: gemini-2.5-pro
* Quota exceeded for metric: generativelanguage.googleapis.c
om/generate_content_free_tier_input_token_count, limit: 0, 
model: gemini-2.5-pro
* Quota exceeded for metric: generativelanguage.googleapis.c
om/generate_content_free_tier_requests, limit: 0, model: 
gemini-2.5-pro
* Quota exceeded for metric: generativelanguage.googleapis.c
om/generate_content_free_tier_requests, limit: 0, model: 
gemini-2.5-pro
Please retry in 1.623934071s."
	debug_error_string = "UNKNOWN:Error received from peer 
ipv4:216.239.38.223:443 {grpc_status:8, grpc_message:"You 
exceeded your current quota, please check your plan and 
billing details. For more information on this error, head 
to: https://ai.google.dev/gemini-api/docs/rate-limits. To 
monitor your current usage, head to: 
https://ai.dev/rate-limit. \n* Quota exceeded for metric: ge
nerativelanguage.googleapis.com/generate_content_free_tier_i
nput_token_count, limit: 0, model: gemini-2.5-pro\n* Quota 
exceeded for metric: generativelanguage.googleapis.com/gener
ate_content_free_tier_input_token_count, limit: 0, model: 
gemini-2.5-pro\n* Quota exceeded for metric: generativelangu
age.googleapis.com/generate_content_free_tier_requests, 
limit: 0, model: gemini-2.5-pro\n* Quota exceeded for 
metric: generativelanguage.googleapis.com/generate_content_f
ree_tier_requests, limit: 0, model: gemini-2.5-pro\nPlease 
retry in 1.623934071s."}"
>

The above exception was the direct cause of the following 
exception:

Traceback (most recent call last):
  File "<string>", line 12, in <module>
  File "D:\Solid4x\backend\planner\planner.py", line 79, in 
generate_plan
    response = model.generate_content(prompt)
               ^^^^^^^^^^^^^^^^^^^^^^^^^^^^^^
  File "D:\Solid4x\.venv\Lib\site-packages\google\generative
ai\generative_models.py", line 331, in generate_content
    response = self._client.generate_content(
               ^^^^^^^^^^^^^^^^^^^^^^^^^^^^^^
  File "D:\Solid4x\.venv\Lib\site-packages\google\ai\generat
ivelanguage_v1beta\services\generative_service\client.py", 
line 835, in generate_content
    response = rpc(
               ^^^^
  File "D:\Solid4x\.venv\Lib\site-packages\google\api_core\g
apic_v1\method.py", line 128, in __call__
    return wrapped_func(*args, **kwargs)
           ^^^^^^^^^^^^^^^^^^^^^^^^^^^^^
  File "D:\Solid4x\.venv\Lib\site-packages\google\api_core\r
etry\retry_unary.py", line 294, in retry_wrapped_func
    return retry_target(
           ^^^^^^^^^^^^^
  File "D:\Solid4x\.venv\Lib\site-packages\google\api_core\r
etry\retry_unary.py", line 156, in retry_target
    next_sleep = _retry_error_helper(
                 ^^^^^^^^^^^^^^^^^^^^
  File "D:\Solid4x\.venv\Lib\site-packages\google\api_core\r
etry\retry_base.py", line 216, in _retry_error_helper
    raise final_exc from source_exc
  File "D:\Solid4x\.venv\Lib\site-packages\google\api_core\r
etry\retry_unary.py", line 147, in retry_target
    result = target()
             ^^^^^^^^
  File "D:\Solid4x\.venv\Lib\site-packages\google\api_core\t
imeout.py", line 130, in func_with_timeout
    return func(*args, **kwargs)
           ^^^^^^^^^^^^^^^^^^^^^
  File "D:\Solid4x\.venv\Lib\site-packages\google\api_core\g
rpc_helpers.py", line 57, in error_remapped_callable
    raise exceptions.from_grpc_error(exc) from exc
google.api_core.exceptions.ResourceExhausted: 429 You 
exceeded your current quota, please check your plan and 
billing details. For more information on this error, head 
to: https://ai.google.dev/gemini-api/docs/rate-limits. To 
monitor your current usage, head to: 
https://ai.dev/rate-limit. 
* Quota exceeded for metric: generativelanguage.googleapis.c
om/generate_content_free_tier_input_token_count, limit: 0, 
model: gemini-2.5-pro
* Quota exceeded for metric: generativelanguage.googleapis.c
om/generate_content_free_tier_input_token_count, limit: 0, 
model: gemini-2.5-pro
* Quota exceeded for metric: generativelanguage.googleapis.c
om/generate_content_free_tier_requests, limit: 0, model: 
gemini-2.5-pro
* Quota exceeded for metric: generativelanguage.googleapis.c
om/generate_content_free_tier_requests, limit: 0, model: 
gemini-2.5-pro
Please retry in 1.623934071s. [links {
  description: "Learn more about Gemini API quotas"
  url: "https://ai.google.dev/gemini-api/docs/rate-limits"
}
, violations {
  quota_metric: "generativelanguage.googleapis.com/generate_
content_free_tier_input_token_count"
  quota_id: 
"GenerateContentInputTokensPerModelPerDay-FreeTier"
  quota_dimensions {
    key: "model"
    value: "gemini-2.5-pro"
  }
  quota_dimensions {
    key: "location"
    value: "global"
  }
}
violations {
  quota_metric: "generativelanguage.googleapis.com/generate_
content_free_tier_input_token_count"
  quota_id: 
"GenerateContentInputTokensPerModelPerMinute-FreeTier"
  quota_dimensions {
    key: "model"
    value: "gemini-2.5-pro"
  }
  quota_dimensions {
    key: "location"
    value: "global"
  }
}
violations {
  quota_metric: "generativelanguage.googleapis.com/generate_
content_free_tier_requests"
  quota_id: 
"GenerateRequestsPerMinutePerProjectPerModel-FreeTier"
  quota_dimensions {
    key: "model"
    value: "gemini-2.5-pro"
  }
  quota_dimensions {
    key: "location"
    value: "global"
  }
}
violations {
  quota_metric: "generativelanguage.googleapis.com/generate_
content_free_tier_requests"
  quota_id: 
"GenerateRequestsPerDayPerProjectPerModel-FreeTier"
  quota_dimensions {
    key: "model"
    value: "gemini-2.5-pro"
  }
  quota_dimensions {
    key: "location"
    value: "global"
  }
}
, retry_delay {
  seconds: 1
}
]
Exception caught:
